[wjw.sz.gov.cn/jyzx/index.html]
[backblue.gif]
[fade.gif]
[index.html]
[statistics.gd.gov.cn/scripts/s527b.js]
[wjw.sz.gov.cn/ztimages/swiper.min20200426.css]
[wjw.sz.gov.cn/ztimages/global20200426.css]
[wjw.sz.gov.cn/ztimages/layout20200426.css]
[wjw.sz.gov.cn/js/jquery-3.4.0.min.js]
[wjw.sz.gov.cn/ztimages/jkfzyd20200426_30.png]
[wjw.sz.gov.cn/ztimages/jkfzyd20200426_15.png]
[wjw.sz.gov.cn/js/20190911_wailian_tanchuangkuang_js.js]
[wjw.sz.gov.cn/css/20190911_wailian_tanchukuang_css.css]
[wjw.sz.gov.cn/ztimages/jyzx_global_20240528.css]
[wjw.sz.gov.cn/ztimages/swiper20200426.js]
[wjw.sz.gov.cn/ztimages/jyzx_logo_20240528.png]
[wjw.sz.gov.cn/jyzx/xxgk/jggk/index.html]
[wjw.sz.gov.cn/jyzx/xxgk/jggk/zxjj/index.html]
[wjw.sz.gov.cn/jyzx/xxgk/jggk/ldjs_193360/index.html]
[wjw.sz.gov.cn/jyzx/xxgk/jggk/nsbm/index.html]
[wjw.sz.gov.cn/jyzx/xxgk/index.html]
[wjw.sz.gov.cn/jyzx/xxgk/gzdt/index.html]
[wjw.sz.gov.cn/jyzx/xxgk/tzgg/index.html]
[wjw.sz.gov.cn/jyzx/xxgk/zjxx/index.html]
[wjw.sz.gov.cn/jyzx/kyjl/llwyh/index.html]
[wjw.sz.gov.cn/jyzx/xxgk/jggk/xfjb/index.html]
[wjw.sz.gov.cn/jyzx/xxgk/wfb/index.html]
[wjw.sz.gov.cn/jyzx/xxgk/gzdt/content/post_12637496.html]
[wjw.sz.gov.cn/ztimages/jyzx_yd_banner_20240528.png]
[wjw.sz.gov.cn/jyzx/xxgk/gzdt/content/post_12567947.html]
[wjw.sz.gov.cn/jyzx/xxgk/gzdt/content/post_12555006.html]
[wjw.sz.gov.cn/img/4/4397/4397245/12567947.jpg]
[wjw.sz.gov.cn/jyzx/kyjl/content/post_12524537.html]
[wjw.sz.gov.cn/img/4/4411/4411939/12637496.jpg]
[wjw.sz.gov.cn/jyzx/kyjl/content/post_12628698.html]
[wjw.sz.gov.cn/img/4/4395/4395123/12555006.png]
[wjw.sz.gov.cn/jyzx/xxgk/gzdt/content/post_12621714.html]
[wjw.sz.gov.cn/jyzx/xxgk/gzdt/content/post_12614571.html]
[wjw.sz.gov.cn/jyzx/kyjl/content/post_12603737.html]
[wjw.sz.gov.cn/img/4/4388/4388922/12524537.png]
[wjw.sz.gov.cn/ztimages/jyzx_banner_20240528.png]
[wjw.sz.gov.cn/jyzx/xxgk/gzdt/content/post_12593990.html]
[wjw.sz.gov.cn/jyzx/kyjl/content/post_12589887.html]
[wjw.sz.gov.cn/jyzx/xxgk/gzdt/content/post_12578953.html]
[wjw.sz.gov.cn/jyzx/xxgk/tzgg/content/post_12533343.html]
[wjw.sz.gov.cn/jyzx/xxgk/tzgg/content/post_12519569.html]
[wjw.sz.gov.cn/jyzx/xxgk/tzgg/content/post_12517237.html]
[wjw.sz.gov.cn/jyzx/xxgk/tzgg/content/post_12517107.html]
[wjw.sz.gov.cn/jyzx/xxgk/tzgg/content/post_12515282.html]
[wjw.sz.gov.cn/jyzx/xxgk/tzgg/content/post_12511824.html]
[wjw.sz.gov.cn/jyzx/xxgk/tzgg/content/post_12493992.html]
[wjw.sz.gov.cn/jyzx/xxgk/tzgg/content/post_12489234.html]
[wjw.sz.gov.cn/jyzx/xxgk/tzgg/content/post_12472523.html]
[mp.weixin.qq.com/s/jqcsxz8u6gpP-JPNN3WRbg.32.delayed]
[mp.weixin.qq.com/mp/wappoc_appmsgcaptchae341.html]
[mp.weixin.qq.com/s/UUmWF0uFG02vptyrxDq9sw]
[mp.weixin.qq.com/mp/wappoc_appmsgcaptcha7c9b.html]
[mp.weixin.qq.com/s/vQt9c9nib5xki-LpssLyuQ]
[mp.weixin.qq.com/mp/wappoc_appmsgcaptcha17c8.html]
[mp.weixin.qq.com/s/i4cY6gFQz7DIJF8xBQc4cA]
[mp.weixin.qq.com/mp/wappoc_appmsgcaptcha5f7e.html]
[mp.weixin.qq.com/s/Do20cqnF6KXFVAmki-D7Tw]
[mp.weixin.qq.com/mp/wappoc_appmsgcaptcha1f1b.html]
[mp.weixin.qq.com/s/2Q-US_J5LigW1JP_AGSmmA]
[mp.weixin.qq.com/mp/wappoc_appmsgcaptcha88e3.html]
[mp.weixin.qq.com/s/vRPj0AIkEPVlBabVcAT1Qg]
[mp.weixin.qq.com/mp/wappoc_appmsgcaptchaf4bd.html]
[mp.weixin.qq.com/s/AGY6jenyMYYf4LFfXUPHTA]
[mp.weixin.qq.com/mp/wappoc_appmsgcaptcha5593.html]
[mp.weixin.qq.com/s/OnICQWaYPyuMITQ9OyiG3g]
[mp.weixin.qq.com/mp/wappoc_appmsgcaptcha8622.html]
[wjw.sz.gov.cn/ztimages/wxgzh2021.png]
[wjw.sz.gov.cn/2021gb/dzjg.png]
[wjw.sz.gov.cn/ztimages/jkfz20200426_10.png]
[wjw.sz.gov.cn/ztimages/codeVR.png]
[wjw.sz.gov.cn/ztimages/jkfz20200426_18.png]
[wjw.sz.gov.cn/ztimages/wsfzjkzx20200426_55.jpg]
[wjw.sz.gov.cn/ztimages/jkfz20200426_22.png]
[wjw.sz.gov.cn/ztimages/wsjkfzyjzxnfw20200522.jpg]
[wjw.sz.gov.cn/ztimages/jkfz20200426_24.png]
[wjw.sz.gov.cn/jyzx/index.html]
[wjw.sz.gov.cn/ztimages/swiper.min20200426.css]
[wjw.sz.gov.cn/ztimages/global20200426.css]
[wjw.sz.gov.cn/ztimages/layout20200426.css]
[wjw.sz.gov.cn/css/20190911_wailian_tanchukuang_css.css]
[wjw.sz.gov.cn/ztimages/jyzx_global_20240528.css]
[wjw.sz.gov.cn/jyzx/xxgk/jggk/index.html]
[wjw.sz.gov.cn/jyzx/xxgk/jggk/zxjj/index.html]
[wjw.sz.gov.cn/jyzx/xxgk/jggk/ldjs_193360/index.html]
[wjw.sz.gov.cn/jyzx/xxgk/jggk/nsbm/index.html]
[wjw.sz.gov.cn/jyzx/xxgk/index.html]
[wjw.sz.gov.cn/jyzx/xxgk/gzdt/index.html]
[wjw.sz.gov.cn/jyzx/xxgk/tzgg/index.html]
[wjw.sz.gov.cn/jyzx/xxgk/zjxx/index.html]
[wjw.sz.gov.cn/jyzx/kyjl/llwyh/index.html]
[wjw.sz.gov.cn/jyzx/xxgk/jggk/xfjb/index.html]
[wjw.sz.gov.cn/jyzx/xxgk/wfb/index.html]
[wjw.sz.gov.cn/jyzx/xxgk/gzdt/content/post_12637496.html]
[wjw.sz.gov.cn/jyzx/xxgk/gzdt/content/post_12567947.html]
[wjw.sz.gov.cn/jyzx/xxgk/gzdt/content/post_12555006.html]
[wjw.sz.gov.cn/jyzx/kyjl/content/post_12524537.html]
[wjw.sz.gov.cn/jyzx/kyjl/content/post_12628698.html]
[wjw.sz.gov.cn/jyzx/xxgk/gzdt/content/post_12621714.html]
[wjw.sz.gov.cn/jyzx/xxgk/gzdt/content/post_12614571.html]
[wjw.sz.gov.cn/jyzx/kyjl/content/post_12603737.html]
[wjw.sz.gov.cn/jyzx/xxgk/gzdt/content/post_12593990.html]
[wjw.sz.gov.cn/jyzx/kyjl/content/post_12589887.html]
[wjw.sz.gov.cn/jyzx/xxgk/gzdt/content/post_12578953.html]
[wjw.sz.gov.cn/jyzx/xxgk/tzgg/content/post_12533343.html]
[wjw.sz.gov.cn/jyzx/xxgk/tzgg/content/post_12519569.html]
[wjw.sz.gov.cn/jyzx/xxgk/tzgg/content/post_12517237.html]
[wjw.sz.gov.cn/jyzx/xxgk/tzgg/content/post_12517107.html]
[wjw.sz.gov.cn/jyzx/xxgk/tzgg/content/post_12515282.html]
[wjw.sz.gov.cn/jyzx/xxgk/tzgg/content/post_12511824.html]
[wjw.sz.gov.cn/jyzx/xxgk/tzgg/content/post_12493992.html]
[wjw.sz.gov.cn/jyzx/xxgk/tzgg/content/post_12489234.html]
[wjw.sz.gov.cn/jyzx/xxgk/tzgg/content/post_12472523.html]
[mp.weixin.qq.com/mp/wappoc_appmsgcaptchae341.html]
[mp.weixin.qq.com/mp/wappoc_appmsgcaptcha7c9b.html]
[mp.weixin.qq.com/mp/wappoc_appmsgcaptcha17c8.html]
[mp.weixin.qq.com/mp/wappoc_appmsgcaptcha5f7e.html]
[mp.weixin.qq.com/mp/wappoc_appmsgcaptcha1f1b.html]
[mp.weixin.qq.com/mp/wappoc_appmsgcaptcha88e3.html]
[mp.weixin.qq.com/mp/wappoc_appmsgcaptchaf4bd.html]
[mp.weixin.qq.com/mp/wappoc_appmsgcaptcha5593.html]
[mp.weixin.qq.com/mp/wappoc_appmsgcaptcha8622.html]
[bszs.conac.cn/sitename3893.html]
[beian.miit.gov.cn/index.html]
[beian.mps.gov.cn/#/query/webSearch7285.html]
[ta.trs.cn/c/js/ta8fae.js]
[wjw.sz.gov.cn/szslh/dist/ariac47c.js]
[zfwzgl.www.gov.cn/exposure/jiucuo.js]
